package a

import (
	"context"
	e "os/exec"
)

// want "avoid os/exec.CommandContext"

func fAlias() {
	// want "avoid os/exec.CommandContext"

	failingAlias(context.Background(), "true")
}
